main.c:127:5:main	120	static
main.c:195:6:InicializarSimulacao	32	static
main.c:229:6:ConfigurarParametros	16	static
main.c:243:6:ExecutarLancamento	96	static
main.c:304:9:AvaliarTentativa	56	static
main.c:328:6:RegistrarTentativa	32	static
main.c:345:6:ExibirResumoFinal	104	static
main.c:379:13:MostrarTitulo	32	static
main.c:384:13:EsperaOK	8	static
main.c:391:13:MostrarResumoParametros	80	static
main.c:413:13:Option_Input	88	static
main.c:454:13:DesenharAviao	40	static
main.c:458:13:DesenharCruz	32	static
main.c:465:13:DesenharAlvo	32	static
main.c:479:13:LimpaCargaAnterior	40	static
main.c:486:6:SystemClock_Config	72	static
main.c:507:13:MX_SPI1_Init	8	static
main.c:524:13:MX_GPIO_Init	32	static
main.c:551:6:Error_Handler	4	static,ignoring_inline_asm
